Microchip MPLAB XC8 Compiler V2.41

Linker command line:

-W-3 \
  --edf=C:\Program Files\Microchip\xc8\v2.41\pic\dat\20230208172133_en.msgs \
  -cn -h+dist/default/production\Seven_Segment_Project.production.sym \
  --cmf=dist/default/production\Seven_Segment_Project.production.cmf -z \
  -Q18F4620 \
  -oC:\Users\MOHAME~1.MOH\AppData\Local\Temp\xcAs2c0.\driver_tmp_3.o \
  --defsym=__MPLAB_BUILD=1 --fixupoverflow=error \
  -Mdist/default/production/Seven_Segment_Project.production.map \
  --md=C:\Users\MOHAME~1.MOH\AppData\Local\Temp\xcAs2c0.\driver_tmp_0.dat \
  -E1 -ver=XC8 Compiler --acfsm=1493 -ACODE=00h-0FFFFh -ACONST=00h-0FFFFh \
  -ASMALLCONST=01000h-010FFhx240 -AMEDIUMCONST=01000h-0FFFFh \
  -ACOMRAM=01h-07Fh -AABS1=00h-0F7Fh -ABIGRAM=01h-0F7Fh \
  -ARAM=080h-0FFh,0100h-01FFhx14,0F00h-0F7Fh -ABANK0=080h-0FFh \
  -ABANK1=0100h-01FFh -ABANK2=0200h-02FFh -ABANK3=0300h-03FFh \
  -ABANK4=0400h-04FFh -ABANK5=0500h-05FFh -ABANK6=0600h-06FFh \
  -ABANK7=0700h-07FFh -ABANK8=0800h-08FFh -ABANK9=0900h-09FFh \
  -ABANK10=0A00h-0AFFh -ABANK11=0B00h-0BFFh -ABANK12=0C00h-0CFFh \
  -ABANK13=0D00h-0DFFh -ABANK14=0E00h-0EFFh -ABANK15=0F00h-0F7Fh \
  -ASFR=0F80h-0FFFh -ABIGSFR=0F80h-0FFFh -ACONFIG=0300000h-030000Dh \
  -AIDLOC=0200000h-0200007h -AEEDATA=0F00000h-0F003FFh -peeprom_data=EEDATA \
  -preset_vec=00h,intcode=08h,intcodelo,powerup,init -pramtop=01000h \
  -psmallconst=SMALLCONST -pmediumconst=MEDIUMCONST -pconst=CONST \
  -AFARRAM=00h-00h \
  -prdata=COMRAM,nvrram=COMRAM,nvbit=COMRAM,rbss=COMRAM,rbit=COMRAM \
  -pfarbss=FARRAM,fardata=FARRAM,nvFARRAM=FARRAM \
  -pintsave_regs=BIGRAM,bigbss=BIGRAM,bigdata=BIGRAM -pbss=RAM \
  -pidata=CODE,irdata=CODE,ibigdata=CODE,ifardata=CODE -prparam=COMRAM \
  C:\Users\MOHAME~1.MOH\AppData\Local\Temp\xcAs2c0.\driver_tmp_9.o \
  dist/default/production\Seven_Segment_Project.production.o 

Object code version is 3.11

Machine type is 18F4620



                Name                               Link     Load   Length Selector   Space Scale
C:\Users\MOHAME~1.MOH\AppData\Local\Temp\xcAs2c0.\driver_tmp_9.o
                idloc                            200000   200000        8        0       5
                config                           300000   300000        E        0       4
                init                                  E        E        4        4       0
                reset_vec                             0        0        4        0       0
dist/default/production\Seven_Segment_Project.production.o
                intcode                               8        8        6        4       0
                idloc                            200000   200000        8        0       5
                config                           300000   300000        E        0       4
                temp                                 7B       7B        1        1       1
                smallconst                         1000     1000       16      800       0
                text25                             196E     196E        4      C4C       0
                text24                             196A     196A        4      C4C       0
                text23                             1966     1966        4      C4C       0
                text22                             1962     1962        4      C4C       0
                text21                             195E     195E        4      C4C       0
                text20                             195A     195A        4      C4C       0
                text19                             1956     1956        4      C4C       0
                text18                             1952     1952        4      C4C       0
                text17                             18E6     18E6       1A      C4C       0
                text16                             18CC     18CC       1A      C4C       0
                text15                             18B2     18B2       1A      C4C       0
                text14                             1898     1898       1A      C4C       0
                text13                             193A     193A        C      C4C       0
                text12                             192E     192E        C      C4C       0
                text11                             1946     1946        8      C4C       0
                text10                             1922     1922        C      C4C       0
                text9                              1972     1972        2      C4C       0
                text8                              194E     194E        4      C4C       0
                intcode_body                       1016     1016      3E6      80B       0
                text6                              13FC     13FC      144      80B       0
                text5                              1540     1540      12C      80B       0
                text4                              16FA     16FA       6C      80B       0
                text3                              17CA     17CA       62      80B       0
                text2                              1914     1914        E      C4C       0
                text1                              166C     166C       8E      80B       0
                text0                              182C     182C       48      80B       0
                cstackCOMRAM                         66       66       14        1       1
                dataBANK0                            80       80       14       80       1
                bssBANK0                             94       94        6       80       1
                dataCOMRAM                           43       43       23        1       1
                bssCOMRAM                             1        1       42        1       1
                cinit                              1766     1766       64      80B       0
                nvCOMRAM                             7A       7A        1        1       1
                idataBANK0                         1900     1900       14      C4C       0
                idataCOMRAM                        1874     1874       23      80B       0

TOTAL           Name                               Link     Load   Length     Space
        CLASS   CODE           
                intcode                               8        8        6         0
                init                                  E        E        4         0
                reset_vec                             0        0        4         0
                text25                             196E     196E        4         0
                text24                             196A     196A        4         0
                text23                             1966     1966        4         0
                text22                             1962     1962        4         0
                text21                             195E     195E        4         0
                text20                             195A     195A        4         0
                text19                             1956     1956        4         0
                text18                             1952     1952        4         0
                text17                             18E6     18E6       1A         0
                text16                             18CC     18CC       1A         0
                text15                             18B2     18B2       1A         0
                text14                             1898     1898       1A         0
                text13                             193A     193A        C         0
                text12                             192E     192E        C         0
                text11                             1946     1946        8         0
                text10                             1922     1922        C         0
                text9                              1972     1972        2         0
                text8                              194E     194E        4         0
                intcode_body                       1016     1016      3E6         0
                text6                              13FC     13FC      144         0
                text5                              1540     1540      12C         0
                text4                              16FA     16FA       6C         0
                text3                              17CA     17CA       62         0
                text2                              1914     1914        E         0
                text1                              166C     166C       8E         0
                text0                              182C     182C       48         0
                cinit                              1766     1766       64         0
                idataBANK0                         1900     1900       14         0
                idataCOMRAM                        1874     1874       23         0

        CLASS   CONST          

        CLASS   SMALLCONST     
                smallconst                         1000     1000       16         0

        CLASS   MEDIUMCONST    

        CLASS   COMRAM         
                temp                                 7B       7B        1         1
                cstackCOMRAM                         66       66       14         1
                dataCOMRAM                           43       43       23         1
                bssCOMRAM                             1        1       42         1
                nvCOMRAM                             7A       7A        1         1

        CLASS   ABS1           

        CLASS   BIGRAM         

        CLASS   RAM            

        CLASS   BANK0          
                dataBANK0                            80       80       14         1
                bssBANK0                             94       94        6         1

        CLASS   BANK1          

        CLASS   BANK2          

        CLASS   BANK3          

        CLASS   BANK4          

        CLASS   BANK5          

        CLASS   BANK6          

        CLASS   BANK7          

        CLASS   BANK8          

        CLASS   BANK9          

        CLASS   BANK10         

        CLASS   BANK11         

        CLASS   BANK12         

        CLASS   BANK13         

        CLASS   BANK14         

        CLASS   BANK15         

        CLASS   SFR            

        CLASS   BIGSFR         

        CLASS   CONFIG         
                config                           300000   300000        E         4

        CLASS   IDLOC          
                idloc                            200000   200000        8         5

        CLASS   EEDATA         

        CLASS   FARRAM         

        CLASS   HEAP           

        CLASS   STACK          



SEGMENTS        Name                           Load    Length   Top    Selector   Space  Class

                reset_vec                      000000  000004  000004         0       0  CODE    
                bssCOMRAM                      000001  00007B  00007C         1       1  COMRAM  
                intcode                        000008  00000A  000012         4       0  CODE    
                dataBANK0                      000080  00001A  00009A        80       1  BANK0   
                smallconst                     001000  000016  001016       800       0  SMALLCON
                intcode_body                   001016  000881  001897       80B       0  CODE    
                text14                         001898  0000DC  001974       C4C       0  CODE    


UNUSED ADDRESS RANGES

        Name                Unused          Largest block    Delta
        BANK0            00009A-0000FF               66
        BANK1            000100-0001FF              100
        BANK10           000A00-000AFF              100
        BANK11           000B00-000BFF              100
        BANK12           000C00-000CFF              100
        BANK13           000D00-000DFF              100
        BANK14           000E00-000EFF              100
        BANK15           000F00-000F7F               80
        BANK2            000200-0002FF              100
        BANK3            000300-0003FF              100
        BANK4            000400-0004FF              100
        BANK5            000500-0005FF              100
        BANK6            000600-0006FF              100
        BANK7            000700-0007FF              100
        BANK8            000800-0008FF              100
        BANK9            000900-0009FF              100
        BIGRAM           00007C-00007F                4
                         00009A-000F7F              EE6
        BIGSFR           000F80-000FFF               80
        CODE             000004-000007                4
                         000012-000FFF              FEE
                         001897-001897                1
                         001974-00FFFF             E68C
        COMRAM           00007C-00007F                4
        CONST            000004-000007                4
                         000012-000FFF              FEE
                         001897-001897                1
                         001974-00FFFF             E68C
        EEDATA           F00000-F003FF              400
        MEDIUMCONST      001897-001897                1
                         001974-00FFFF             E68C
        RAM              00009A-000F7F              100
        SFR              000F80-000FFF               80
        SMALLCONST       001897-001897                1
                         001974-00FFFF              100

                                  Symbol Table

CCP_Set_Compare_Mode_Value@F3106                   bssCOMRAM    000033
RB4_ISR@RB4_Source                                 cstackCOMRAM 000066
RB5_ISR@RB5_Source                                 cstackCOMRAM 000066
RB6_ISR@RB6_Source                                 cstackCOMRAM 000066
RB7_ISR@RB7_Source                                 cstackCOMRAM 000066
_ADCON0bits                                        (abs)        000FC2
_ADCON1bits                                        (abs)        000FC1
_ADCON2bits                                        (abs)        000FC0
_ADC_ISR                                           text25       00196E
_ADC_InterruptHandler                              bssCOMRAM    000039
_ADRESH                                            (abs)        000FC4
_ADRESL                                            (abs)        000FC3
_BAUDCONbits                                       (abs)        000FB8
_CCP1CONbits                                       (abs)        000FBD
_CCP1_ISR                                          text24       00196A
_CCP1_InterruptHandler                             bssCOMRAM    000037
_CCP2CONbits                                       (abs)        000FBA
_CCP2_ISR                                          text23       001966
_CCP2_InterruptHandler                             bssCOMRAM    000035
_CCPR1H                                            (abs)        000FBF
_CCPR1L                                            (abs)        000FBE
_CCPR2H                                            (abs)        000FBC
_CCPR2L                                            (abs)        000FBB
_EEADR                                             (abs)        000FA9
_EEADRH                                            (abs)        000FAA
_EECON1bits                                        (abs)        000FA6
_EECON2                                            (abs)        000FA7
_EEDATA                                            (abs)        000FA8
_INT0_ISR                                          text22       001962
_INT0_InterruptHandler                             bssCOMRAM    00002B
_INT1_ISR                                          text21       00195E
_INT1_InterruptHandler                             bssCOMRAM    000029
_INT2_ISR                                          text20       00195A
_INT2_InterruptHandler                             bssCOMRAM    000027
_INTCON2bits                                       (abs)        000FF1
_INTCON3bits                                       (abs)        000FF0
_INTCONbits                                        (abs)        000FF2
_InterruptManager                                  intcode      000008
_LATA                                              (abs)        000F89
_LATB                                              (abs)        000F8A
_LATC                                              (abs)        000F8B
_LATD                                              (abs)        000F8C
_LATE                                              (abs)        000F8D
_MSSP_I2C_BC_ISR                                   text19       001956
_MSSP_I2C_DefaultInterruptHandler                  bssCOMRAM    000031
_MSSP_I2C_ISR                                      text18       001952
_MSSP_I2C_Report_Receive_Overflow_InterruptHandler bssCOMRAM    00002D
_MSSP_I2C_Report_Write_Collision_InterruptHandler  bssCOMRAM    00002F
_PIE1bits                                          (abs)        000F9D
_PIE2bits                                          (abs)        000FA0
_PIR1bits                                          (abs)        000F9E
_PIR2bits                                          (abs)        000FA1
_PORTA                                             (abs)        000F80
_PORTB                                             (abs)        000F81
_PORTBbits                                         (abs)        000F81
_PORTC                                             (abs)        000F82
_PORTD                                             (abs)        000F83
_PORTE                                             (abs)        000F84
_RB4_Flag                                          dataCOMRAM   00005A
_RB4_ISR                                           text17       0018E6
_RB4_InterruptHandler_HIGH                         bssCOMRAM    000025
_RB4_InterruptHandler_LOW                          bssCOMRAM    000023
_RB5_Flag                                          dataCOMRAM   000059
_RB5_ISR                                           text16       0018CC
_RB5_InterruptHandler_HIGH                         bssCOMRAM    000021
_RB5_InterruptHandler_LOW                          bssCOMRAM    00001F
_RB6_Flag                                          dataCOMRAM   000058
_RB6_ISR                                           text15       0018B2
_RB6_InterruptHandler_HIGH                         bssCOMRAM    00001D
_RB6_InterruptHandler_LOW                          bssCOMRAM    00001B
_RB7_Flag                                          dataCOMRAM   000057
_RB7_ISR                                           text14       001898
_RB7_InterruptHandler_HIGH                         bssCOMRAM    000019
_RB7_InterruptHandler_LOW                          bssCOMRAM    000017
_RCREG                                             (abs)        000FAE
_RCSTAbits                                         (abs)        000FAB
_SPBRG                                             (abs)        000FAF
_SPBRGH                                            (abs)        000FB0
_SSPADD                                            (abs)        000FC8
_SSPBUF                                            (abs)        000FC9
_SSPCON1bits                                       (abs)        000FC6
_SSPCON2bits                                       (abs)        000FC5
_SSPSTATbits                                       (abs)        000FC7
_T0CONbits                                         (abs)        000FD5
_T1CONbits                                         (abs)        000FCD
_T2CONbits                                         (abs)        000FCA
_T3CONbits                                         (abs)        000FB1
_TMR0H                                             (abs)        000FD7
_TMR0L                                             (abs)        000FD6
_TMR0_ISR                                          text13       00193A
_TMR0_InterruptHandler                             bssCOMRAM    000013
_TMR1H                                             (abs)        000FCF
_TMR1L                                             (abs)        000FCE
_TMR1_ISR                                          text12       00192E
_TMR1_InterruptHandler                             bssCOMRAM    00000F
_TMR2                                              (abs)        000FCC
_TMR2_ISR                                          text11       001946
_TMR2_InterruptHandler                             bssCOMRAM    00000D
_TMR3H                                             (abs)        000FB3
_TMR3L                                             (abs)        000FB2
_TMR3_ISR                                          text10       001922
_TMR3_InterruptHandler                             bssCOMRAM    000009
_TRISA                                             (abs)        000F92
_TRISB                                             (abs)        000F93
_TRISC                                             (abs)        000F94
_TRISCbits                                         (abs)        000F94
_TRISD                                             (abs)        000F95
_TRISE                                             (abs)        000F96
_TXREG                                             (abs)        000FAD
_TXSTAbits                                         (abs)        000FAC
_USART_FramingErrorHandler                         bssCOMRAM    000003
_USART_OverrunErrorHandler                         bssCOMRAM    000001
_USART_RX_ISR                                      text9        001972
_USART_RxDefaultInterruptHandler                   bssCOMRAM    000005
_USART_TX_ISR                                      text8        00194E
_USART_TxDefaultInterruptHandler                   bssCOMRAM    000007
__HRAM                                             (abs)        000000
__H__absolute__                                    __absolute__ 000000
__Habs1                                            abs1         000000
__Hbank0                                           bank0        000000
__Hbank1                                           bank1        000000
__Hbank10                                          bank10       000000
__Hbank11                                          bank11       000000
__Hbank12                                          bank12       000000
__Hbank13                                          bank13       000000
__Hbank14                                          bank14       000000
__Hbank15                                          bank15       000000
__Hbank2                                           bank2        000000
__Hbank3                                           bank3        000000
__Hbank4                                           bank4        000000
__Hbank5                                           bank5        000000
__Hbank6                                           bank6        000000
__Hbank7                                           bank7        000000
__Hbank8                                           bank8        000000
__Hbank9                                           bank9        000000
__Hbigbss                                          bigbss       000000
__Hbigdata                                         bigdata      000000
__Hbigram                                          bigram       000000
__Hbigsfr                                          bigsfr       000000
__Hbss                                             bss          000000
__HbssBANK0                                        bssBANK0     000000
__HbssCOMRAM                                       bssCOMRAM    000000
__Hcinit                                           cinit        000000
__Hclrtext                                         clrtext      000000
__Hcomram                                          comram       000000
__Hconfig                                          config       30000E
__Hconst                                           const        000000
__HcstackCOMRAM                                    cstackCOMRAM 000000
__Hdata                                            data         000000
__HdataBANK0                                       dataBANK0    000000
__HdataCOMRAM                                      dataCOMRAM   000000
__Heeprom_data                                     eeprom_data  000000
__Hfarbss                                          farbss       000000
__Hfardata                                         fardata      000000
__Hheap                                            heap         000000
__Hibigdata                                        ibigdata     000000
__Hidata                                           idata        000000
__HidataBANK0                                      idataBANK0   000000
__HidataCOMRAM                                     idataCOMRAM  000000
__Hidloc                                           idloc        200008
__Hifardata                                        ifardata     000000
__Hinit                                            init         000012
__Hintcode                                         intcode      00000E
__Hintcode_body                                    intcode_body 000000
__Hintcodelo                                       intcodelo    00000E
__Hintentry                                        intentry     000000
__Hintret                                          intret       000000
__Hintsave_regs                                    intsave_regs 000000
__Hirdata                                          irdata       000000
__Hmediumconst                                     mediumconst  000000
__HnvCOMRAM                                        nvCOMRAM     000000
__HnvFARRAM                                        nvFARRAM     000000
__Hnvbit                                           nvbit        000000
__Hnvrram                                          nvrram       000000
__Hparam                                           rparam       000000
__Hpowerup                                         powerup      00000E
__Hram                                             ram          000000
__Hramtop                                          ramtop       001000
__Hrbit                                            rbit         000000
__Hrbss                                            rbss         000000
__Hrdata                                           rdata        000000
__Hreset_vec                                       reset_vec    000004
__Hrparam                                          rparam       000000
__Hsfr                                             sfr          000000
__Hsmallconst                                      smallconst   001016
__Hspace_0                                         (abs)        001974
__Hspace_1                                         (abs)        00009A
__Hspace_2                                         (abs)        000000
__Hspace_4                                         (abs)        60000E
__Hstack                                           stack        000000
__Hstruct                                          struct       000000
__Htemp                                            temp         00007C
__Htext                                            text         000000
__Htext0                                           text0        000000
__Htext1                                           text1        000000
__Htext10                                          text10       000000
__Htext11                                          text11       000000
__Htext12                                          text12       000000
__Htext13                                          text13       000000
__Htext14                                          text14       000000
__Htext15                                          text15       000000
__Htext16                                          text16       000000
__Htext17                                          text17       000000
__Htext18                                          text18       000000
__Htext19                                          text19       000000
__Htext2                                           text2        000000
__Htext20                                          text20       000000
__Htext21                                          text21       000000
__Htext22                                          text22       000000
__Htext23                                          text23       000000
__Htext24                                          text24       000000
__Htext25                                          text25       000000
__Htext3                                           text3        000000
__Htext4                                           text4        000000
__Htext5                                           text5        000000
__Htext6                                           text6        000000
__Htext8                                           text8        000000
__Htext9                                           text9        000000
__LRAM                                             (abs)        000001
__L__absolute__                                    __absolute__ 000000
__Labs1                                            abs1         000000
__Lbank0                                           bank0        000000
__Lbank1                                           bank1        000000
__Lbank10                                          bank10       000000
__Lbank11                                          bank11       000000
__Lbank12                                          bank12       000000
__Lbank13                                          bank13       000000
__Lbank14                                          bank14       000000
__Lbank15                                          bank15       000000
__Lbank2                                           bank2        000000
__Lbank3                                           bank3        000000
__Lbank4                                           bank4        000000
__Lbank5                                           bank5        000000
__Lbank6                                           bank6        000000
__Lbank7                                           bank7        000000
__Lbank8                                           bank8        000000
__Lbank9                                           bank9        000000
__Lbigbss                                          bigbss       000000
__Lbigdata                                         bigdata      000000
__Lbigram                                          bigram       000000
__Lbigsfr                                          bigsfr       000000
__Lbss                                             bss          000000
__LbssBANK0                                        bssBANK0     000000
__LbssCOMRAM                                       bssCOMRAM    000000
__Lcinit                                           cinit        000000
__Lclrtext                                         clrtext      000000
__Lcomram                                          comram       000000
__Lconfig                                          config       000000
__Lconst                                           const        000000
__LcstackCOMRAM                                    cstackCOMRAM 000000
__Ldata                                            data         000000
__LdataBANK0                                       dataBANK0    000000
__LdataCOMRAM                                      dataCOMRAM   000000
__Leeprom_data                                     eeprom_data  000000
__Lfarbss                                          farbss       000000
__Lfardata                                         fardata      000000
__Lheap                                            heap         000000
__Libigdata                                        ibigdata     000000
__Lidata                                           idata        000000
__LidataBANK0                                      idataBANK0   000000
__LidataCOMRAM                                     idataCOMRAM  000000
__Lidloc                                           idloc        000000
__Lifardata                                        ifardata     000000
__Linit                                            init         00000E
__Lintcode                                         intcode      000008
__Lintcode_body                                    intcode_body 000000
__Lintcodelo                                       intcodelo    00000E
__Lintentry                                        intentry     000000
__Lintret                                          intret       000000
__Lintsave_regs                                    intsave_regs 000000
__Lirdata                                          irdata       000000
__Lmediumconst                                     mediumconst  000000
__LnvCOMRAM                                        nvCOMRAM     000000
__LnvFARRAM                                        nvFARRAM     000000
__Lnvbit                                           nvbit        000000
__Lnvrram                                          nvrram       000000
__Lparam                                           rparam       000000
__Lpowerup                                         powerup      00000E
__Lram                                             ram          000000
__Lramtop                                          ramtop       001000
__Lrbit                                            rbit         000000
__Lrbss                                            rbss         000000
__Lrdata                                           rdata        000000
__Lreset_vec                                       reset_vec    000000
__Lrparam                                          rparam       000000
__Lsfr                                             sfr          000000
__Lsmallconst                                      smallconst   001000
__Lspace_0                                         (abs)        000000
__Lspace_1                                         (abs)        000000
__Lspace_2                                         (abs)        000000
__Lspace_4                                         (abs)        000000
__Lstack                                           stack        000000
__Lstruct                                          struct       000000
__Ltemp                                            temp         00007B
__Ltext                                            text         000000
__Ltext0                                           text0        000000
__Ltext1                                           text1        000000
__Ltext10                                          text10       000000
__Ltext11                                          text11       000000
__Ltext12                                          text12       000000
__Ltext13                                          text13       000000
__Ltext14                                          text14       000000
__Ltext15                                          text15       000000
__Ltext16                                          text16       000000
__Ltext17                                          text17       000000
__Ltext18                                          text18       000000
__Ltext19                                          text19       000000
__Ltext2                                           text2        000000
__Ltext20                                          text20       000000
__Ltext21                                          text21       000000
__Ltext22                                          text22       000000
__Ltext23                                          text23       000000
__Ltext24                                          text24       000000
__Ltext25                                          text25       000000
__Ltext3                                           text3        000000
__Ltext4                                           text4        000000
__Ltext5                                           text5        000000
__Ltext6                                           text6        000000
__Ltext8                                           text8        000000
__Ltext9                                           text9        000000
__S0                                               (abs)        001974
__S1                                               (abs)        00009A
__S4                                               (abs)        000000
__S5                                               (abs)        000000
___heap_hi                                         (abs)        000000
___heap_lo                                         (abs)        000000
___inthi_sp                                        stack        000000
___intlo_sp                                        stack        000000
___param_bank                                      (abs)        000000
___rparam_used                                     (abs)        000001
___sp                                              stack        000000
__accesstop                                        (abs)        000080
__activetblptr                                     (abs)        000003
__end_of_ADC_ISR                                   text25       001972
__end_of_CCP1_ISR                                  text24       00196E
__end_of_CCP2_ISR                                  text23       00196A
__end_of_INT0_ISR                                  text22       001966
__end_of_INT1_ISR                                  text21       001962
__end_of_INT2_ISR                                  text20       00195E
__end_of_InterruptManager                          intcode_body 0013FC
__end_of_MSSP_I2C_BC_ISR                           text19       00195A
__end_of_MSSP_I2C_ISR                              text18       001956
__end_of_RB4_ISR                                   text17       001900
__end_of_RB5_ISR                                   text16       0018E6
__end_of_RB6_ISR                                   text15       0018CC
__end_of_RB7_ISR                                   text14       0018B2
__end_of_TMR0_ISR                                  text13       001946
__end_of_TMR1_ISR                                  text12       00193A
__end_of_TMR2_ISR                                  text11       00194E
__end_of_TMR3_ISR                                  text10       00192E
__end_of_USART_RX_ISR                              text9        001974
__end_of_USART_TX_ISR                              text8        001952
__end_of__initialization                           cinit        0017C0
__end_of_application_intialize                     text2        001922
__end_of_btn_values                                smallconst   001011
__end_of_gpio_pin_direction_intialize              text6        001540
__end_of_gpio_pin_intialize                        text4        001766
__end_of_gpio_pin_write_logic                      text5        00166C
__end_of_main                                      text0        001874
__end_of_seven_segment_initialize                  text3        00182C
__end_of_seven_segment_write_number                text1        0016FA
__initialization                                   cinit        001766
__mediumconst                                      mediumconst  000000
__pbssBANK0                                        bssBANK0     000094
__pbssCOMRAM                                       bssCOMRAM    000001
__pcinit                                           cinit        001766
__pcstackCOMRAM                                    cstackCOMRAM 000066
__pdataBANK0                                       dataBANK0    000080
__pdataCOMRAM                                      dataCOMRAM   000043
__pidataBANK0                                      idataBANK0   001900
__pidataCOMRAM                                     idataCOMRAM  001874
__pintcode                                         intcode      000008
__pintcode_body                                    intcode_body 001016
__pnvCOMRAM                                        nvCOMRAM     00007A
__psmallconst                                      smallconst   001000
__ptext0                                           text0        00182C
__ptext1                                           text1        00166C
__ptext10                                          text10       001922
__ptext11                                          text11       001946
__ptext12                                          text12       00192E
__ptext13                                          text13       00193A
__ptext14                                          text14       001898
__ptext15                                          text15       0018B2
__ptext16                                          text16       0018CC
__ptext17                                          text17       0018E6
__ptext18                                          text18       001952
__ptext19                                          text19       001956
__ptext2                                           text2        001914
__ptext20                                          text20       00195A
__ptext21                                          text21       00195E
__ptext22                                          text22       001962
__ptext23                                          text23       001966
__ptext24                                          text24       00196A
__ptext25                                          text25       00196E
__ptext3                                           text3        0017CA
__ptext4                                           text4        0016FA
__ptext5                                           text5        001540
__ptext6                                           text6        0013FC
__ptext8                                           text8        00194E
__ptext9                                           text9        001972
__ramtop                                           ramtop       001000
__smallconst                                       smallconst   001000
_application_intialize                             text2        001914
_btn_values                                        smallconst   001001
_gpio_pin_direction_intialize                      text6        0013FC
_gpio_pin_intialize                                text4        0016FA
_gpio_pin_write_logic                              text5        001540
_lat_registers                                     dataCOMRAM   000043
_lcd_1                                             dataCOMRAM   00005B
_lcd_2                                             dataBANK0    00008A
_main                                              text0        00182C
_number                                            nvCOMRAM     00007A
_port_registers                                    dataBANK0    000080
_seg1                                              dataCOMRAM   000061
_seven_segment_initialize                          text3        0017CA
_seven_segment_write_number                        text1        00166C
_timer0_preload                                    bssCOMRAM    000015
_timer1_preload                                    bssCOMRAM    000011
_timer2_preload                                    bssCOMRAM    00003B
_timer3_preload                                    bssCOMRAM    00000B
_tris_registers                                    dataCOMRAM   00004D
btemp                                              temp         00007B
end_of_initialization                              cinit        0017C0
gpio_pin_direction_intialize@_pin_config           cstackCOMRAM 000067
gpio_pin_direction_intialize@ret                   cstackCOMRAM 00006F
gpio_pin_intialize@_pin_config                     cstackCOMRAM 000071
gpio_pin_intialize@ret                             cstackCOMRAM 000074
gpio_pin_write_logic@_pin_config                   cstackCOMRAM 000067
gpio_pin_write_logic@logic                         cstackCOMRAM 000069
gpio_pin_write_logic@ret                           cstackCOMRAM 000070
int$flags                                          temp         00007B
int_func                                           intcode_body 001016
intlevel0                                          text         000000
intlevel1                                          text         000000
intlevel2                                          text         000000
intlevel3                                          text         000000
isa$std                                            (abs)        000001
isa$xinst                                          (abs)        000000
led_initialize@F3048                               bssCOMRAM    000042
led_turn_off@F3058                                 bssCOMRAM    000040
led_turn_on@F3053                                  bssCOMRAM    000041
led_turn_toggle@F3063                              bssCOMRAM    00003F
relay_initialize@F3042                             bssCOMRAM    00003E
relay_turn_off@F3052                               bssCOMRAM    00003C
relay_turn_on@F3047                                bssCOMRAM    00003D
seven_segment_initialize@ret                       cstackCOMRAM 000077
seven_segment_initialize@seg                       cstackCOMRAM 000075
seven_segment_write_number@number                  cstackCOMRAM 000073
seven_segment_write_number@ret                     cstackCOMRAM 000074
seven_segment_write_number@seg                     cstackCOMRAM 000071
stackhi                                            (abs)        000000
stacklo                                            (abs)        000000
start                                              init         00000E
start_initialization                               cinit        001766
ttemp5                                             temp         00007C
ttemp6                                             temp         00007F
ttemp7                                             temp         000083
wtemp8                                             temp         00007C


MODULE INFORMATION

Module		Function		Class		Link	Load	Size
ECU_Layer/7_Segment/ecu_seven_segment.c
		_seven_segment_initialize		CODE           	17CA	0000	98
		_seven_segment_write_number		CODE           	166C	0000	142

ECU_Layer/7_Segment/ecu_seven_segment.c estimated size: 240

MCAL_Layer/I2C/hal_i2c.c
		_MSSP_I2C_ISR  		CODE           	1952	0000	4
		_MSSP_I2C_BC_ISR		CODE           	1956	0000	4

MCAL_Layer/I2C/hal_i2c.c estimated size: 8

shared
		_btn_values    		SMALLCONST     	1001	0000	16
		__initialization		CODE           	1766	0000	90

shared estimated size: 106

MCAL_Layer/Interrupt/mcal_external_interrupt.c
		_RB4_ISR       		CODE           	18E6	0000	26
		_RB5_ISR       		CODE           	18CC	0000	26
		_RB6_ISR       		CODE           	18B2	0000	26
		_RB7_ISR       		CODE           	1898	0000	26
		_INT0_ISR      		CODE           	1962	0000	4
		_INT1_ISR      		CODE           	195E	0000	4
		_INT2_ISR      		CODE           	195A	0000	4

MCAL_Layer/Interrupt/mcal_external_interrupt.c estimated size: 116

MCAL_Layer/ADC/hal_adc.c
		_ADC_ISR       		CODE           	196E	0000	4

MCAL_Layer/ADC/hal_adc.c estimated size: 4

MCAL_Layer/Interrupt/mcal_interrupt_manager.c
		_InterruptManager		CODE           	0008	0000	1004

MCAL_Layer/Interrupt/mcal_interrupt_manager.c estimated size: 1004

MCAL_Layer/GPIO/hal_gpio.c
		_gpio_pin_write_logic		CODE           	1540	0000	300
		_gpio_pin_intialize		CODE           	16FA	0000	108
		_gpio_pin_direction_intialize		CODE           	13FC	0000	324

MCAL_Layer/GPIO/hal_gpio.c estimated size: 732

MCAL_Layer/USART/hal_usart.c
		_USART_RX_ISR  		CODE           	1972	0000	2
		_USART_TX_ISR  		CODE           	194E	0000	4

MCAL_Layer/USART/hal_usart.c estimated size: 6

application.c
		_main          		CODE           	182C	0000	72
		_application_intialize		CODE           	1914	0000	14

application.c estimated size: 86

MCAL_Layer/Timer3/hal_timer3.c
		_TMR3_ISR      		CODE           	1922	0000	12

MCAL_Layer/Timer3/hal_timer3.c estimated size: 12

MCAL_Layer/Timer2/hal_timer2.c
		_TMR2_ISR      		CODE           	1946	0000	8

MCAL_Layer/Timer2/hal_timer2.c estimated size: 8

MCAL_Layer/Timer1/hal_timer1.c
		_TMR1_ISR      		CODE           	192E	0000	12

MCAL_Layer/Timer1/hal_timer1.c estimated size: 12

MCAL_Layer/Timer0/hal_timer0.c
		_TMR0_ISR      		CODE           	193A	0000	12

MCAL_Layer/Timer0/hal_timer0.c estimated size: 12

MCAL_Layer/CCP/hal_ccp.c
		_CCP1_ISR      		CODE           	196A	0000	4
		_CCP2_ISR      		CODE           	1966	0000	4

MCAL_Layer/CCP/hal_ccp.c estimated size: 8

